Agent 'oracle' does not declare an options_model; leftover kwargs are ignored
Agent 'oracle' does not declare an options_model; leftover kwargs are ignored
Uploading environment/ to /workdir
Uploading environment/ to /workdir
Running healthcheck: git config --system --add safe.directory /workdir/repo && cd /workdir/repo && GOPROXY=https://proxy.golang.org,direct go mod download && GOPROXY=https://proxy.golang.org,direct go build ./...
Running healthcheck: git config --system --add safe.directory /workdir/repo && cd /workdir/repo && GOPROXY=https://proxy.golang.org,direct go mod download && GOPROXY=https://proxy.golang.org,direct go build ./...
Healthcheck failed (rc=1, in_start_period=False)
Healthcheck failed (rc=1, in_start_period=False)
Healthcheck failed (rc=1, in_start_period=False)
Trial peasant-pr-0146__hZYtZy5 failed: Healthcheck failed after 2 consecutive retries: git config --system --add safe.directory /workdir/repo && cd /workdir/repo && GOPROXY=https://proxy.golang.org,direct go mod download && GOPROXY=https://proxy.golang.org,direct go build ./...
Collecting main service artifacts
Healthcheck passed
Collecting main service artifacts
Not retrying trial because the maximum number of retries has been reached
Agent 'oracle' does not declare an options_model; leftover kwargs are ignored
Uploading environment/ to /workdir
Running healthcheck: git config --system --add safe.directory /workdir/repo && cd /workdir/repo && GOPROXY=https://proxy.golang.org,direct go mod download && GOPROXY=https://proxy.golang.org,direct go build ./...
Healthcheck failed (rc=1, in_start_period=False)
Healthcheck failed (rc=1, in_start_period=False)
Trial peasant-pr-0157__z6Bu2vW failed: Healthcheck failed after 2 consecutive retries: git config --system --add safe.directory /workdir/repo && cd /workdir/repo && GOPROXY=https://proxy.golang.org,direct go mod download && GOPROXY=https://proxy.golang.org,direct go build ./...
Collecting main service artifacts
Not retrying trial because the maximum number of retries has been reached
Agent 'oracle' does not declare an options_model; leftover kwargs are ignored
Uploading environment/ to /workdir
Running healthcheck: git config --system --add safe.directory /workdir/repo && cd /workdir/repo && GOPROXY=https://proxy.golang.org,direct go mod download && GOPROXY=https://proxy.golang.org,direct go build ./...
Healthcheck passed
Collecting main service artifacts
Agent 'oracle' does not declare an options_model; leftover kwargs are ignored
Uploading environment/ to /workdir
Running healthcheck: git config --system --add safe.directory /workdir/repo && cd /workdir/repo && GOPROXY=https://proxy.golang.org,direct go mod download && GOPROXY=https://proxy.golang.org,direct go build ./...
Healthcheck passed
Collecting main service artifacts
Agent 'oracle' does not declare an options_model; leftover kwargs are ignored
Uploading environment/ to /workdir
Running healthcheck: git config --system --add safe.directory /workdir/repo && cd /workdir/repo && GOPROXY=https://proxy.golang.org,direct go mod download && GOPROXY=https://proxy.golang.org,direct go build ./...
Healthcheck passed
Collecting main service artifacts
Agent 'oracle' does not declare an options_model; leftover kwargs are ignored
Uploading environment/ to /workdir
Running healthcheck: git config --system --add safe.directory /workdir/repo && cd /workdir/repo && GOPROXY=https://proxy.golang.org,direct go mod download && GOPROXY=https://proxy.golang.org,direct go build ./...
Healthcheck failed (rc=1, in_start_period=False)
Healthcheck failed (rc=1, in_start_period=False)
Trial peasant-pr-0337__yQsxMNe failed: Healthcheck failed after 2 consecutive retries: git config --system --add safe.directory /workdir/repo && cd /workdir/repo && GOPROXY=https://proxy.golang.org,direct go mod download && GOPROXY=https://proxy.golang.org,direct go build ./...
Collecting main service artifacts
Not retrying trial because the maximum number of retries has been reached
Agent 'oracle' does not declare an options_model; leftover kwargs are ignored
Uploading environment/ to /workdir
Running healthcheck: git config --system --add safe.directory /workdir/repo && cd /workdir/repo && GOPROXY=https://proxy.golang.org,direct go mod download && GOPROXY=https://proxy.golang.org,direct go build ./...
Healthcheck passed
Collecting main service artifacts
Agent 'oracle' does not declare an options_model; leftover kwargs are ignored
Uploading environment/ to /workdir
Running healthcheck: git config --system --add safe.directory /workdir/repo && cd /workdir/repo && GOPROXY=https://proxy.golang.org,direct go mod download && GOPROXY=https://proxy.golang.org,direct go build ./...
Healthcheck passed
Collecting main service artifacts
Agent 'oracle' does not declare an options_model; leftover kwargs are ignored
Uploading environment/ to /workdir
Running healthcheck: git config --system --add safe.directory /workdir/repo && cd /workdir/repo && GOPROXY=https://proxy.golang.org,direct go mod download && GOPROXY=https://proxy.golang.org,direct go build ./...
Healthcheck passed
Collecting main service artifacts
